[2026-07-25 06:26:02] [20260725_062602] [INFO] ======== 開始 stage=draft ========
[2026-07-25 06:26:02] [20260725_062602] [INFO] 入力ひな形を作成: input/approval.yaml
[2026-07-25 06:26:02] [20260725_062602] [WARN] sample_mode: true — 全生成物へ【サンプル・ダミーデータ】表示を付与します。
[2026-07-25 06:26:02] [20260725_062602] [INFO] 出力: research/01_入力整理.md
[2026-07-25 06:26:02] [20260725_062602] [INFO] 出力: research/02_既存動画重複確認.md
[2026-07-25 06:26:02] [20260725_062602] [INFO] 出力: research/03_調査結果.md
[2026-07-25 06:26:02] [20260725_062602] [INFO] 出力: research/04_出典一覧.csv
[2026-07-25 06:26:02] [20260725_062602] [INFO] 出力: research/05_事実台帳.csv
[2026-07-25 06:26:02] [20260725_062602] [INFO] 出力: research/06_素材権利台帳.csv
[2026-07-25 06:26:02] [20260725_062602] [INFO] 出力: planning/07_企画評価.md
[2026-07-25 06:26:02] [20260725_062602] [INFO] 出力: planning/08_タイトル・サムネイル案.md
[2026-07-25 06:26:02] [20260725_062602] [INFO] 出力: planning/09_長尺構成.md
[2026-07-25 06:26:02] [20260725_062602] [INFO] 出力: scripts/10A_長尺台本_監査用.md
[2026-07-25 06:26:02] [20260725_062602] [INFO] 出力: scripts/10B_長尺台本_編集者用.md
[2026-07-25 06:26:02] [20260725_062602] [INFO] 出力: scripts/11_Shorts台本.md
[2026-07-25 06:26:02] [20260725_062602] [INFO] 出力: production/12_長尺素材設計.csv
[2026-07-25 06:26:02] [20260725_062602] [INFO] 出力: production/13_Shorts素材設計.csv
[2026-07-25 06:26:02] [20260725_062602] [INFO] 出力: production/14_図解・テロップ指示.md
[2026-07-25 06:26:02] [20260725_062602] [INFO] 出力: production/15_サムネイル制作指示.md
[2026-07-25 06:26:02] [20260725_062602] [INFO] 出力: production/16_投稿設定.md
[2026-07-25 06:26:02] [20260725_062602] [INFO] 出力: production/17_編集者向け制作指示書.md
[2026-07-25 06:26:02] [20260725_062602] [INFO] 出力: audit/18_最終監査結果.md
[2026-07-25 06:26:02] [20260725_062602] [INFO] 出力: audit/19_荒木承認用サマリー.md
[2026-07-25 06:26:02] [20260725_062602] [INFO] テンプレート出力: 新規 20件 / 再生成 0件 / 既存維持 0件
[2026-07-25 06:26:03] [20260725_062602] [INFO] 機械検出レポートを出力: audit/00_機械検出レポート.md
[2026-07-25 06:26:03] [20260725_062602] [INFO] 機械記入ブロックを更新: fact_stats, material_stats, risk_flags, audit_summary
[2026-07-25 06:26:03] [20260725_062602] [WARN] 禁止表現: production/15_サムネイル制作指示.md:59 「顔の合成」
[2026-07-25 06:26:03] [20260725_062602] [WARN] 禁止表現: production/17_編集者向け制作指示書.md:133 「衝撃」
[2026-07-25 06:26:03] [20260725_062602] [WARN] 禁止表現: production/17_編集者向け制作指示書.md:153 「顔の合成」
[2026-07-25 06:26:03] [20260725_062602] [WARN] 禁止表現: production/17_編集者向け制作指示書.md:171 「顔の合成」
[2026-07-25 06:26:03] [20260725_062602] [WARN] 禁止表現: production/17_編集者向け制作指示書.md:172 「ディープフェイク」
[2026-07-25 06:26:03] [20260725_062602] [WARN] 禁止表現: production/17_編集者向け制作指示書.md:174 「胸の内では」
[2026-07-25 06:26:03] [20260725_062602] [WARN] 禁止表現: production/17_編集者向け制作指示書.md:174 「本当は」
[2026-07-25 06:26:03] [20260725_062602] [INFO] 実行サマリー
[2026-07-25 06:27:08] [20260725_062708] [INFO] ======== 開始 stage=draft ========
[2026-07-25 06:27:08] [20260725_062708] [WARN] sample_mode: true — 全生成物へ【サンプル・ダミーデータ】表示を付与します。
[2026-07-25 06:27:08] [20260725_062708] [INFO] 退避: research/01_入力整理.md -> _history/20260725_0627/research/01_入力整理.md
[2026-07-25 06:27:08] [20260725_062708] [INFO] 退避: research/02_既存動画重複確認.md -> _history/20260725_0627/research/02_既存動画重複確認.md
[2026-07-25 06:27:08] [20260725_062708] [INFO] 退避: research/03_調査結果.md -> _history/20260725_0627/research/03_調査結果.md
[2026-07-25 06:27:08] [20260725_062708] [INFO] 退避: research/04_出典一覧.csv -> _history/20260725_0627/research/04_出典一覧.csv
[2026-07-25 06:27:08] [20260725_062708] [INFO] 退避: research/05_事実台帳.csv -> _history/20260725_0627/research/05_事実台帳.csv
[2026-07-25 06:27:08] [20260725_062708] [INFO] 退避: research/06_素材権利台帳.csv -> _history/20260725_0627/research/06_素材権利台帳.csv
[2026-07-25 06:27:08] [20260725_062708] [INFO] 退避: planning/07_企画評価.md -> _history/20260725_0627/planning/07_企画評価.md
[2026-07-25 06:27:08] [20260725_062708] [INFO] 退避: planning/08_タイトル・サムネイル案.md -> _history/20260725_0627/planning/08_タイトル・サムネイル案.md
[2026-07-25 06:27:08] [20260725_062708] [INFO] 退避: planning/09_長尺構成.md -> _history/20260725_0627/planning/09_長尺構成.md
[2026-07-25 06:27:08] [20260725_062708] [INFO] 退避: scripts/10A_長尺台本_監査用.md -> _history/20260725_0627/scripts/10A_長尺台本_監査用.md
[2026-07-25 06:27:08] [20260725_062708] [INFO] 退避: scripts/10B_長尺台本_編集者用.md -> _history/20260725_0627/scripts/10B_長尺台本_編集者用.md
[2026-07-25 06:27:08] [20260725_062708] [INFO] 退避: scripts/11_Shorts台本.md -> _history/20260725_0627/scripts/11_Shorts台本.md
[2026-07-25 06:27:08] [20260725_062708] [INFO] 退避: production/12_長尺素材設計.csv -> _history/20260725_0627/production/12_長尺素材設計.csv
[2026-07-25 06:27:08] [20260725_062708] [INFO] 退避: production/13_Shorts素材設計.csv -> _history/20260725_0627/production/13_Shorts素材設計.csv
[2026-07-25 06:27:08] [20260725_062708] [INFO] 退避: production/14_図解・テロップ指示.md -> _history/20260725_0627/production/14_図解・テロップ指示.md
[2026-07-25 06:27:08] [20260725_062708] [INFO] 退避: production/15_サムネイル制作指示.md -> _history/20260725_0627/production/15_サムネイル制作指示.md
[2026-07-25 06:27:08] [20260725_062708] [INFO] 退避: production/16_投稿設定.md -> _history/20260725_0627/production/16_投稿設定.md
[2026-07-25 06:27:08] [20260725_062708] [INFO] 退避: production/17_編集者向け制作指示書.md -> _history/20260725_0627/production/17_編集者向け制作指示書.md
[2026-07-25 06:27:08] [20260725_062708] [INFO] 退避: audit/18_最終監査結果.md -> _history/20260725_0627/audit/18_最終監査結果.md
[2026-07-25 06:27:08] [20260725_062708] [INFO] 退避: audit/19_荒木承認用サマリー.md -> _history/20260725_0627/audit/19_荒木承認用サマリー.md
[2026-07-25 06:27:08] [20260725_062708] [INFO] 出力: research/01_入力整理.md
[2026-07-25 06:27:08] [20260725_062708] [INFO] 出力: research/02_既存動画重複確認.md
[2026-07-25 06:27:08] [20260725_062708] [INFO] 出力: research/03_調査結果.md
[2026-07-25 06:27:08] [20260725_062708] [INFO] 出力: research/04_出典一覧.csv
[2026-07-25 06:27:08] [20260725_062708] [INFO] 出力: research/05_事実台帳.csv
[2026-07-25 06:27:08] [20260725_062708] [INFO] 出力: research/06_素材権利台帳.csv
[2026-07-25 06:27:08] [20260725_062708] [INFO] 出力: planning/07_企画評価.md
[2026-07-25 06:27:08] [20260725_062708] [INFO] 出力: planning/08_タイトル・サムネイル案.md
[2026-07-25 06:27:08] [20260725_062708] [INFO] 出力: planning/09_長尺構成.md
[2026-07-25 06:27:08] [20260725_062708] [INFO] 出力: scripts/10A_長尺台本_監査用.md
[2026-07-25 06:27:08] [20260725_062708] [INFO] 出力: scripts/10B_長尺台本_編集者用.md
[2026-07-25 06:27:08] [20260725_062708] [INFO] 出力: scripts/11_Shorts台本.md
[2026-07-25 06:27:08] [20260725_062708] [INFO] 出力: production/12_長尺素材設計.csv
[2026-07-25 06:27:08] [20260725_062708] [INFO] 出力: production/13_Shorts素材設計.csv
[2026-07-25 06:27:08] [20260725_062708] [INFO] 出力: production/14_図解・テロップ指示.md
[2026-07-25 06:27:08] [20260725_062708] [INFO] 出力: production/15_サムネイル制作指示.md
[2026-07-25 06:27:08] [20260725_062708] [INFO] 出力: production/16_投稿設定.md
[2026-07-25 06:27:08] [20260725_062708] [INFO] 出力: production/17_編集者向け制作指示書.md
[2026-07-25 06:27:08] [20260725_062708] [INFO] 出力: audit/18_最終監査結果.md
[2026-07-25 06:27:08] [20260725_062708] [INFO] 出力: audit/19_荒木承認用サマリー.md
[2026-07-25 06:27:08] [20260725_062708] [INFO] テンプレート出力: 新規 0件 / 再生成 20件 / 既存維持 0件
[2026-07-25 06:27:08] [20260725_062708] [INFO] 機械検出レポートを出力: audit/00_機械検出レポート.md
[2026-07-25 06:27:08] [20260725_062708] [INFO] 機械記入ブロックを更新: fact_stats, material_stats, risk_flags, audit_summary
[2026-07-25 06:27:08] [20260725_062708] [INFO] 実行サマリー
[2026-07-25 06:27:52] [20260725_062752] [INFO] ======== 開始 stage=final ========
[2026-07-25 06:27:52] [20260725_062752] [WARN] sample_mode: true — 全生成物へ【サンプル・ダミーデータ】表示を付与します。
[2026-07-25 06:27:52] [20260725_062752] [INFO] 承認を確認しました: title=【サンプル】静かに受け継がれてきたもの ― 動作確認用タイトル
[2026-07-25 06:27:52] [20260725_062752] [INFO] 機械検出レポートを出力: audit/00_機械検出レポート.md
[2026-07-25 06:27:52] [20260725_062752] [INFO] 機械記入ブロックを更新: fact_stats, material_stats, risk_flags, audit_summary
[2026-07-25 06:27:52] [20260725_062752] [INFO] ======== 最終パッケージの生成 ========
[2026-07-25 06:27:52] [20260725_062752] [INFO] 最終版を出力: FINAL_EDITOR_PACKAGE/01_編集者向け制作指示書_最終版.md
[2026-07-25 06:27:52] [20260725_062752] [INFO] 最終版を出力: FINAL_EDITOR_PACKAGE/02_長尺台本_最終版.md
[2026-07-25 06:27:52] [20260725_062752] [INFO] 最終版を出力: FINAL_EDITOR_PACKAGE/03_Shorts台本_最終版.md
[2026-07-25 06:27:52] [20260725_062752] [INFO] 最終版を出力: FINAL_EDITOR_PACKAGE/04_長尺素材設計_最終版.csv
[2026-07-25 06:27:52] [20260725_062752] [INFO] 最終版を出力: FINAL_EDITOR_PACKAGE/05_Shorts素材設計_最終版.csv
[2026-07-25 06:27:52] [20260725_062752] [INFO] 最終版を出力: FINAL_EDITOR_PACKAGE/06_素材権利台帳_最終版.csv
[2026-07-25 06:27:52] [20260725_062752] [INFO] 最終版を出力: FINAL_EDITOR_PACKAGE/07_サムネイル制作指示_最終版.md
[2026-07-25 06:27:52] [20260725_062752] [INFO] 最終版を出力: FINAL_EDITOR_PACKAGE/08_投稿設定_最終版.md
[2026-07-25 06:27:52] [20260725_062752] [INFO] 最終版を出力: FINAL_EDITOR_PACKAGE/09_出典一覧_最終版.csv
[2026-07-25 06:27:52] [20260725_062752] [INFO] 最終版を出力: FINAL_EDITOR_PACKAGE/10_納品前チェックリスト.md
[2026-07-25 06:27:52] [20260725_062752] [WARN] 最終監査結果が「未判定」のまま。final-auditor による監査を実施すること。
[2026-07-25 06:27:52] [20260725_062752] [WARN] 【サンプル】架空URLの疑いがある記述：research/04_出典一覧.csv: https://example.com/sample-official、research/04_出典一覧.csv: https://example.com/sample-official2、research/06_素材権利台帳.csv: https://example.com/sample-venue、research/06_素材権利台帳.csv: https://example.com/sample-venue.jpg、research/06_素材権利台帳.csv: https://example.com/sample-news-photo、production/12_長尺素材設計.csv: https://example.com/sample-venue、production/12_長尺素材設計.csv: https://example.com/sample-news-photo（sample_mode のため警告に留める）
[2026-07-25 06:27:52] [20260725_062752] [WARN] 01_編集者向け制作指示書_最終版.md に契約・金銭に関わる語が含まれている：契約条件
[2026-07-25 06:27:52] [20260725_062752] [WARN] 素材権利台帳（最終版）：M002：承認により使用禁止
[2026-07-25 06:27:52] [20260725_062752] [INFO] 最終パッケージ生成完了: 10件
[2026-07-25 06:27:52] [20260725_062752] [INFO] 実行サマリー
[2026-07-25 06:28:21] [20260725_062821] [INFO] ======== 開始 stage=draft ========
[2026-07-25 06:28:21] [20260725_062821] [WARN] sample_mode: true — 全生成物へ【サンプル・ダミーデータ】表示を付与します。
[2026-07-25 06:28:21] [20260725_062821] [INFO] 退避: production/17_編集者向け制作指示書.md -> _history/20260725_0628/production/17_編集者向け制作指示書.md
[2026-07-25 06:28:21] [20260725_062821] [INFO] 出力: production/17_編集者向け制作指示書.md
[2026-07-25 06:28:21] [20260725_062821] [INFO] テンプレート出力: 新規 0件 / 再生成 1件 / 既存維持 0件
[2026-07-25 06:28:21] [20260725_062821] [INFO] 機械検出レポートを出力: audit/00_機械検出レポート.md
[2026-07-25 06:28:21] [20260725_062821] [INFO] 機械記入ブロックを更新: fact_stats, material_stats, risk_flags, audit_summary
[2026-07-25 06:28:21] [20260725_062821] [INFO] 実行サマリー
[2026-07-25 06:28:21] [20260725_062821] [INFO] ======== 開始 stage=final ========
[2026-07-25 06:28:22] [20260725_062821] [WARN] sample_mode: true — 全生成物へ【サンプル・ダミーデータ】表示を付与します。
[2026-07-25 06:28:22] [20260725_062821] [INFO] 承認を確認しました: title=【サンプル】静かに受け継がれてきたもの ― 動作確認用タイトル
[2026-07-25 06:28:22] [20260725_062821] [INFO] 機械検出レポートを出力: audit/00_機械検出レポート.md
[2026-07-25 06:28:22] [20260725_062821] [INFO] 機械記入ブロックを更新: fact_stats, material_stats, risk_flags, audit_summary
[2026-07-25 06:28:22] [20260725_062821] [INFO] ======== 最終パッケージの生成 ========
[2026-07-25 06:28:22] [20260725_062821] [INFO] 退避: FINAL_EDITOR_PACKAGE/04_長尺素材設計_最終版.csv -> _history/20260725_0628/FINAL_EDITOR_PACKAGE/04_長尺素材設計_最終版.csv
[2026-07-25 06:28:22] [20260725_062821] [INFO] 退避: FINAL_EDITOR_PACKAGE/06_素材権利台帳_最終版.csv -> _history/20260725_0628/FINAL_EDITOR_PACKAGE/06_素材権利台帳_最終版.csv
[2026-07-25 06:28:22] [20260725_062821] [INFO] 退避: FINAL_EDITOR_PACKAGE/01_編集者向け制作指示書_最終版.md -> _history/20260725_0628/FINAL_EDITOR_PACKAGE/01_編集者向け制作指示書_最終版.md
[2026-07-25 06:28:22] [20260725_062821] [INFO] 退避: FINAL_EDITOR_PACKAGE/07_サムネイル制作指示_最終版.md -> _history/20260725_0628/FINAL_EDITOR_PACKAGE/07_サムネイル制作指示_最終版.md
[2026-07-25 06:28:22] [20260725_062821] [INFO] 退避: FINAL_EDITOR_PACKAGE/05_Shorts素材設計_最終版.csv -> _history/20260725_0628/FINAL_EDITOR_PACKAGE/05_Shorts素材設計_最終版.csv
[2026-07-25 06:28:22] [20260725_062821] [INFO] 退避: FINAL_EDITOR_PACKAGE/10_納品前チェックリスト.md -> _history/20260725_0628/FINAL_EDITOR_PACKAGE/10_納品前チェックリスト.md
[2026-07-25 06:28:22] [20260725_062821] [INFO] 退避: FINAL_EDITOR_PACKAGE/02_長尺台本_最終版.md -> _history/20260725_0628/FINAL_EDITOR_PACKAGE/02_長尺台本_最終版.md
[2026-07-25 06:28:22] [20260725_062821] [INFO] 退避: FINAL_EDITOR_PACKAGE/08_投稿設定_最終版.md -> _history/20260725_0628/FINAL_EDITOR_PACKAGE/08_投稿設定_最終版.md
[2026-07-25 06:28:22] [20260725_062821] [INFO] 退避: FINAL_EDITOR_PACKAGE/03_Shorts台本_最終版.md -> _history/20260725_0628/FINAL_EDITOR_PACKAGE/03_Shorts台本_最終版.md
[2026-07-25 06:28:22] [20260725_062821] [INFO] 退避: FINAL_EDITOR_PACKAGE/09_出典一覧_最終版.csv -> _history/20260725_0628/FINAL_EDITOR_PACKAGE/09_出典一覧_最終版.csv
[2026-07-25 06:28:22] [20260725_062821] [INFO] 最終版を出力: FINAL_EDITOR_PACKAGE/01_編集者向け制作指示書_最終版.md
[2026-07-25 06:28:22] [20260725_062821] [INFO] 最終版を出力: FINAL_EDITOR_PACKAGE/02_長尺台本_最終版.md
[2026-07-25 06:28:22] [20260725_062821] [INFO] 最終版を出力: FINAL_EDITOR_PACKAGE/03_Shorts台本_最終版.md
[2026-07-25 06:28:22] [20260725_062821] [INFO] 最終版を出力: FINAL_EDITOR_PACKAGE/04_長尺素材設計_最終版.csv
[2026-07-25 06:28:22] [20260725_062821] [INFO] 最終版を出力: FINAL_EDITOR_PACKAGE/05_Shorts素材設計_最終版.csv
[2026-07-25 06:28:22] [20260725_062821] [INFO] 最終版を出力: FINAL_EDITOR_PACKAGE/06_素材権利台帳_最終版.csv
[2026-07-25 06:28:22] [20260725_062821] [INFO] 最終版を出力: FINAL_EDITOR_PACKAGE/07_サムネイル制作指示_最終版.md
[2026-07-25 06:28:22] [20260725_062821] [INFO] 最終版を出力: FINAL_EDITOR_PACKAGE/08_投稿設定_最終版.md
[2026-07-25 06:28:22] [20260725_062821] [INFO] 最終版を出力: FINAL_EDITOR_PACKAGE/09_出典一覧_最終版.csv
[2026-07-25 06:28:22] [20260725_062821] [INFO] 最終版を出力: FINAL_EDITOR_PACKAGE/10_納品前チェックリスト.md
[2026-07-25 06:28:22] [20260725_062821] [WARN] 最終監査結果が「未判定」のまま。final-auditor による監査を実施すること。
[2026-07-25 06:28:22] [20260725_062821] [WARN] 【サンプル】架空URLの疑いがある記述：research/04_出典一覧.csv: https://example.com/sample-official、research/04_出典一覧.csv: https://example.com/sample-official2、research/06_素材権利台帳.csv: https://example.com/sample-venue、research/06_素材権利台帳.csv: https://example.com/sample-venue.jpg、research/06_素材権利台帳.csv: https://example.com/sample-news-photo、production/12_長尺素材設計.csv: https://example.com/sample-venue、production/12_長尺素材設計.csv: https://example.com/sample-news-photo（sample_mode のため警告に留める）
[2026-07-25 06:28:22] [20260725_062821] [WARN] 素材権利台帳（最終版）：M002：承認により使用禁止
[2026-07-25 06:28:22] [20260725_062821] [INFO] 最終パッケージ生成完了: 10件
[2026-07-25 06:28:22] [20260725_062821] [INFO] 実行サマリー
[2026-07-25 06:28:46] [20260725_062846] [INFO] ======== 開始 stage=final ========
[2026-07-25 06:28:46] [20260725_062846] [WARN] sample_mode: true — 全生成物へ【サンプル・ダミーデータ】表示を付与します。
[2026-07-25 06:28:46] [20260725_062846] [INFO] 承認を確認しました: title=【サンプル】静かに受け継がれてきたもの ― 動作確認用タイトル
[2026-07-25 06:28:46] [20260725_062846] [INFO] 機械検出レポートを出力: audit/00_機械検出レポート.md
[2026-07-25 06:28:46] [20260725_062846] [INFO] 機械記入ブロックを更新: fact_stats, material_stats, risk_flags, audit_summary
[2026-07-25 06:28:46] [20260725_062846] [INFO] ======== 最終パッケージの生成 ========
[2026-07-25 06:28:46] [20260725_062846] [BLOCK] 最終パッケージ生成をブロック: 台本が確認状態「使用不可」の事実を参照している：F001（該当箇所を削除するか、事実台帳の確認状態を更新すること）
[2026-07-25 06:28:46] [20260725_062846] [INFO] 実行サマリー
[2026-07-25 06:28:53] [20260725_062853] [INFO] ======== 開始 stage=final ========
[2026-07-25 06:28:53] [20260725_062853] [WARN] sample_mode: true — 全生成物へ【サンプル・ダミーデータ】表示を付与します。
[2026-07-25 06:28:53] [20260725_062853] [INFO] 承認を確認しました: title=【サンプル】静かに受け継がれてきたもの ― 動作確認用タイトル
[2026-07-25 06:28:53] [20260725_062853] [INFO] 機械検出レポートを出力: audit/00_機械検出レポート.md
[2026-07-25 06:28:53] [20260725_062853] [INFO] 機械記入ブロックを更新: fact_stats, material_stats, risk_flags, audit_summary
[2026-07-25 06:28:53] [20260725_062853] [INFO] ======== 最終パッケージの生成 ========
[2026-07-25 06:28:53] [20260725_062853] [BLOCK] 最終パッケージ生成をブロック: 台本が確認状態「使用不可」の事実を参照している：F001（該当箇所を削除するか、事実台帳の確認状態を更新すること）
[2026-07-25 06:28:53] [20260725_062853] [INFO] 実行サマリー
[2026-07-25 06:29:08] [20260725_062908] [INFO] ======== 開始 stage=final ========
[2026-07-25 06:29:08] [20260725_062908] [WARN] sample_mode: true — 全生成物へ【サンプル・ダミーデータ】表示を付与します。
[2026-07-25 06:29:08] [20260725_062908] [INFO] 承認を確認しました: title=【サンプル】静かに受け継がれてきたもの ― 動作確認用タイトル
[2026-07-25 06:29:08] [20260725_062908] [INFO] 機械検出レポートを出力: audit/00_機械検出レポート.md
[2026-07-25 06:29:08] [20260725_062908] [INFO] 機械記入ブロックを更新: fact_stats, material_stats, risk_flags, audit_summary
[2026-07-25 06:29:08] [20260725_062908] [INFO] ======== 最終パッケージの生成 ========
[2026-07-25 06:29:08] [20260725_062908] [BLOCK] 最終パッケージ生成をブロック: 皇族方のAI生成顔・顔加工素材の疑いがある素材が含まれている：M004：AI生成による人物画像（人物：【サンプル人物】）
[2026-07-25 06:29:08] [20260725_062908] [INFO] 実行サマリー
[2026-07-25 06:29:18] [20260725_062918] [INFO] ======== 開始 stage=final ========
[2026-07-25 06:29:18] [20260725_062918] [WARN] sample_mode: true — 全生成物へ【サンプル・ダミーデータ】表示を付与します。
[2026-07-25 06:29:18] [20260725_062918] [ERROR] approval_status が approved ではありません（現在: pending）。最終版は生成しません。
[2026-07-25 06:29:18] [20260725_062918] [INFO] ======== 開始 stage=final ========
[2026-07-25 06:29:18] [20260725_062918] [INFO] 退避: input/project_input.yaml -> _history/20260725_0629/input/project_input.yaml
[2026-07-25 06:29:18] [20260725_062918] [INFO] 入力ファイルを複製: projects/sample_koushitsu_story/input/project_input.yaml
[2026-07-25 06:29:18] [20260725_062918] [INFO] 承認を確認しました: title=【サンプル】静かに受け継がれてきたもの ― 動作確認用タイトル
[2026-07-25 06:29:18] [20260725_062918] [INFO] 機械検出レポートを出力: audit/00_機械検出レポート.md
[2026-07-25 06:29:18] [20260725_062918] [INFO] 機械記入ブロックを更新: fact_stats, material_stats, risk_flags, audit_summary
[2026-07-25 06:29:18] [20260725_062918] [INFO] ======== 最終パッケージの生成 ========
[2026-07-25 06:29:18] [20260725_062918] [BLOCK] 最終パッケージ生成をブロック: 架空URLの疑いがある記述：research/04_出典一覧.csv: https://example.com/sample-official、research/04_出典一覧.csv: https://example.com/sample-official2、research/06_素材権利台帳.csv: https://example.com/sample-venue、research/06_素材権利台帳.csv: https://example.com/sample-venue.jpg、research/06_素材権利台帳.csv: https://example.com/sample-news-photo、production/12_長尺素材設計.csv: https://example.com/sample-venue、production/12_長尺素材設計.csv: https://example.com/sample-news-photo
[2026-07-25 06:29:18] [20260725_062918] [INFO] 実行サマリー
[2026-07-25 06:29:31] [20260725_062931] [INFO] ======== 開始 stage=final ========
[2026-07-25 06:29:31] [20260725_062931] [WARN] sample_mode: true — 全生成物へ【サンプル・ダミーデータ】表示を付与します。
[2026-07-25 06:29:31] [20260725_062931] [INFO] 承認を確認しました: title=【サンプル】静かに受け継がれてきたもの ― 動作確認用タイトル
[2026-07-25 06:29:31] [20260725_062931] [INFO] 機械検出レポートを出力: audit/00_機械検出レポート.md
[2026-07-25 06:29:31] [20260725_062931] [INFO] 機械記入ブロックを更新: fact_stats, material_stats, risk_flags, audit_summary
[2026-07-25 06:29:31] [20260725_062931] [INFO] ======== 最終パッケージの生成 ========
[2026-07-25 06:29:31] [20260725_062931] [INFO] 退避: FINAL_EDITOR_PACKAGE/04_長尺素材設計_最終版.csv -> _history/20260725_0629/FINAL_EDITOR_PACKAGE/04_長尺素材設計_最終版.csv
[2026-07-25 06:29:31] [20260725_062931] [INFO] 退避: FINAL_EDITOR_PACKAGE/06_素材権利台帳_最終版.csv -> _history/20260725_0629/FINAL_EDITOR_PACKAGE/06_素材権利台帳_最終版.csv
[2026-07-25 06:29:31] [20260725_062931] [INFO] 退避: FINAL_EDITOR_PACKAGE/01_編集者向け制作指示書_最終版.md -> _history/20260725_0629/FINAL_EDITOR_PACKAGE/01_編集者向け制作指示書_最終版.md
[2026-07-25 06:29:31] [20260725_062931] [INFO] 退避: FINAL_EDITOR_PACKAGE/07_サムネイル制作指示_最終版.md -> _history/20260725_0629/FINAL_EDITOR_PACKAGE/07_サムネイル制作指示_最終版.md
[2026-07-25 06:29:31] [20260725_062931] [INFO] 退避: FINAL_EDITOR_PACKAGE/05_Shorts素材設計_最終版.csv -> _history/20260725_0629/FINAL_EDITOR_PACKAGE/05_Shorts素材設計_最終版.csv
[2026-07-25 06:29:31] [20260725_062931] [INFO] 退避: FINAL_EDITOR_PACKAGE/10_納品前チェックリスト.md -> _history/20260725_0629/FINAL_EDITOR_PACKAGE/10_納品前チェックリスト.md
[2026-07-25 06:29:31] [20260725_062931] [INFO] 退避: FINAL_EDITOR_PACKAGE/02_長尺台本_最終版.md -> _history/20260725_0629/FINAL_EDITOR_PACKAGE/02_長尺台本_最終版.md
[2026-07-25 06:29:31] [20260725_062931] [INFO] 退避: FINAL_EDITOR_PACKAGE/08_投稿設定_最終版.md -> _history/20260725_0629/FINAL_EDITOR_PACKAGE/08_投稿設定_最終版.md
[2026-07-25 06:29:31] [20260725_062931] [INFO] 退避: FINAL_EDITOR_PACKAGE/03_Shorts台本_最終版.md -> _history/20260725_0629/FINAL_EDITOR_PACKAGE/03_Shorts台本_最終版.md
[2026-07-25 06:29:31] [20260725_062931] [INFO] 退避: FINAL_EDITOR_PACKAGE/09_出典一覧_最終版.csv -> _history/20260725_0629/FINAL_EDITOR_PACKAGE/09_出典一覧_最終版.csv
[2026-07-25 06:29:31] [20260725_062931] [INFO] 最終版を出力: FINAL_EDITOR_PACKAGE/01_編集者向け制作指示書_最終版.md
[2026-07-25 06:29:31] [20260725_062931] [INFO] 最終版を出力: FINAL_EDITOR_PACKAGE/02_長尺台本_最終版.md
[2026-07-25 06:29:31] [20260725_062931] [INFO] 最終版を出力: FINAL_EDITOR_PACKAGE/03_Shorts台本_最終版.md
[2026-07-25 06:29:31] [20260725_062931] [INFO] 最終版を出力: FINAL_EDITOR_PACKAGE/04_長尺素材設計_最終版.csv
[2026-07-25 06:29:31] [20260725_062931] [INFO] 最終版を出力: FINAL_EDITOR_PACKAGE/05_Shorts素材設計_最終版.csv
[2026-07-25 06:29:31] [20260725_062931] [INFO] 最終版を出力: FINAL_EDITOR_PACKAGE/06_素材権利台帳_最終版.csv
[2026-07-25 06:29:31] [20260725_062931] [INFO] 最終版を出力: FINAL_EDITOR_PACKAGE/07_サムネイル制作指示_最終版.md
[2026-07-25 06:29:31] [20260725_062931] [INFO] 最終版を出力: FINAL_EDITOR_PACKAGE/08_投稿設定_最終版.md
[2026-07-25 06:29:31] [20260725_062931] [INFO] 最終版を出力: FINAL_EDITOR_PACKAGE/09_出典一覧_最終版.csv
[2026-07-25 06:29:31] [20260725_062931] [INFO] 最終版を出力: FINAL_EDITOR_PACKAGE/10_納品前チェックリスト.md
[2026-07-25 06:29:31] [20260725_062931] [WARN] 最終監査結果が「未判定」のまま。final-auditor による監査を実施すること。
[2026-07-25 06:29:31] [20260725_062931] [WARN] 【サンプル】架空URLの疑いがある記述：research/04_出典一覧.csv: https://example.com/sample-official、research/04_出典一覧.csv: https://example.com/sample-official2、research/06_素材権利台帳.csv: https://example.com/sample-venue、research/06_素材権利台帳.csv: https://example.com/sample-venue.jpg、research/06_素材権利台帳.csv: https://example.com/sample-news-photo、production/12_長尺素材設計.csv: https://example.com/sample-venue、production/12_長尺素材設計.csv: https://example.com/sample-news-photo（sample_mode のため警告に留める）
[2026-07-25 06:29:31] [20260725_062931] [WARN] 素材権利台帳（最終版）：M002：承認により使用禁止
[2026-07-25 06:29:31] [20260725_062931] [INFO] 最終パッケージ生成完了: 10件
[2026-07-25 06:29:31] [20260725_062931] [INFO] 実行サマリー
[2026-07-25 06:32:07] [20260725_063207] [INFO] ======== 開始 stage=check ========
[2026-07-25 06:32:07] [20260725_063207] [WARN] sample_mode: true — 全生成物へ【サンプル・ダミーデータ】表示を付与します。
[2026-07-25 06:32:07] [20260725_063207] [INFO] 機械検出レポートを出力: audit/00_機械検出レポート.md
[2026-07-25 06:32:07] [20260725_063207] [INFO] 機械記入ブロックを更新: fact_stats, material_stats, risk_flags, audit_summary
[2026-07-25 06:32:07] [20260725_063207] [INFO] 実行サマリー
[2026-07-25 06:32:08] [20260725_063208] [INFO] ======== 開始 stage=final ========
[2026-07-25 06:32:08] [20260725_063208] [WARN] PyYAML が見つからないため簡易パーサで動作しています（README参照）。
[2026-07-25 06:32:08] [20260725_063208] [WARN] sample_mode: true — 全生成物へ【サンプル・ダミーデータ】表示を付与します。
[2026-07-25 06:32:08] [20260725_063208] [INFO] 承認を確認しました: title=【サンプル】静かに受け継がれてきたもの ― 動作確認用タイトル
[2026-07-25 06:32:08] [20260725_063208] [INFO] 機械検出レポートを出力: audit/00_機械検出レポート.md
[2026-07-25 06:32:08] [20260725_063208] [INFO] 機械記入ブロックを更新: fact_stats, material_stats, risk_flags, audit_summary
[2026-07-25 06:32:08] [20260725_063208] [INFO] ======== 最終パッケージの生成 ========
[2026-07-25 06:32:08] [20260725_063208] [INFO] 退避: FINAL_EDITOR_PACKAGE/04_長尺素材設計_最終版.csv -> _history/20260725_0632/FINAL_EDITOR_PACKAGE/04_長尺素材設計_最終版.csv
[2026-07-25 06:32:08] [20260725_063208] [INFO] 退避: FINAL_EDITOR_PACKAGE/06_素材権利台帳_最終版.csv -> _history/20260725_0632/FINAL_EDITOR_PACKAGE/06_素材権利台帳_最終版.csv
[2026-07-25 06:32:08] [20260725_063208] [INFO] 退避: FINAL_EDITOR_PACKAGE/01_編集者向け制作指示書_最終版.md -> _history/20260725_0632/FINAL_EDITOR_PACKAGE/01_編集者向け制作指示書_最終版.md
[2026-07-25 06:32:08] [20260725_063208] [INFO] 退避: FINAL_EDITOR_PACKAGE/07_サムネイル制作指示_最終版.md -> _history/20260725_0632/FINAL_EDITOR_PACKAGE/07_サムネイル制作指示_最終版.md
[2026-07-25 06:32:08] [20260725_063208] [INFO] 退避: FINAL_EDITOR_PACKAGE/05_Shorts素材設計_最終版.csv -> _history/20260725_0632/FINAL_EDITOR_PACKAGE/05_Shorts素材設計_最終版.csv
[2026-07-25 06:32:08] [20260725_063208] [INFO] 退避: FINAL_EDITOR_PACKAGE/10_納品前チェックリスト.md -> _history/20260725_0632/FINAL_EDITOR_PACKAGE/10_納品前チェックリスト.md
[2026-07-25 06:32:08] [20260725_063208] [INFO] 退避: FINAL_EDITOR_PACKAGE/02_長尺台本_最終版.md -> _history/20260725_0632/FINAL_EDITOR_PACKAGE/02_長尺台本_最終版.md
[2026-07-25 06:32:08] [20260725_063208] [INFO] 退避: FINAL_EDITOR_PACKAGE/08_投稿設定_最終版.md -> _history/20260725_0632/FINAL_EDITOR_PACKAGE/08_投稿設定_最終版.md
[2026-07-25 06:32:08] [20260725_063208] [INFO] 退避: FINAL_EDITOR_PACKAGE/03_Shorts台本_最終版.md -> _history/20260725_0632/FINAL_EDITOR_PACKAGE/03_Shorts台本_最終版.md
[2026-07-25 06:32:08] [20260725_063208] [INFO] 退避: FINAL_EDITOR_PACKAGE/09_出典一覧_最終版.csv -> _history/20260725_0632/FINAL_EDITOR_PACKAGE/09_出典一覧_最終版.csv
[2026-07-25 06:32:08] [20260725_063208] [INFO] 最終版を出力: FINAL_EDITOR_PACKAGE/01_編集者向け制作指示書_最終版.md
[2026-07-25 06:32:08] [20260725_063208] [INFO] 最終版を出力: FINAL_EDITOR_PACKAGE/02_長尺台本_最終版.md
[2026-07-25 06:32:08] [20260725_063208] [INFO] 最終版を出力: FINAL_EDITOR_PACKAGE/03_Shorts台本_最終版.md
[2026-07-25 06:32:08] [20260725_063208] [INFO] 最終版を出力: FINAL_EDITOR_PACKAGE/04_長尺素材設計_最終版.csv
[2026-07-25 06:32:08] [20260725_063208] [INFO] 最終版を出力: FINAL_EDITOR_PACKAGE/05_Shorts素材設計_最終版.csv
[2026-07-25 06:32:08] [20260725_063208] [INFO] 最終版を出力: FINAL_EDITOR_PACKAGE/06_素材権利台帳_最終版.csv
[2026-07-25 06:32:08] [20260725_063208] [INFO] 最終版を出力: FINAL_EDITOR_PACKAGE/07_サムネイル制作指示_最終版.md
[2026-07-25 06:32:08] [20260725_063208] [INFO] 最終版を出力: FINAL_EDITOR_PACKAGE/08_投稿設定_最終版.md
[2026-07-25 06:32:08] [20260725_063208] [INFO] 最終版を出力: FINAL_EDITOR_PACKAGE/09_出典一覧_最終版.csv
[2026-07-25 06:32:08] [20260725_063208] [INFO] 最終版を出力: FINAL_EDITOR_PACKAGE/10_納品前チェックリスト.md
[2026-07-25 06:32:08] [20260725_063208] [WARN] 最終監査結果が「未判定」のまま。final-auditor による監査を実施すること。
[2026-07-25 06:32:08] [20260725_063208] [WARN] 【サンプル】架空URLの疑いがある記述：research/04_出典一覧.csv: https://example.com/sample-official、research/04_出典一覧.csv: https://example.com/sample-official2、research/06_素材権利台帳.csv: https://example.com/sample-venue、research/06_素材権利台帳.csv: https://example.com/sample-venue.jpg、research/06_素材権利台帳.csv: https://example.com/sample-news-photo、production/12_長尺素材設計.csv: https://example.com/sample-venue、production/12_長尺素材設計.csv: https://example.com/sample-news-photo（sample_mode のため警告に留める）
[2026-07-25 06:32:08] [20260725_063208] [WARN] 素材権利台帳（最終版）：M002：承認により使用禁止
[2026-07-25 06:32:08] [20260725_063208] [INFO] 最終パッケージ生成完了: 10件
[2026-07-25 06:32:08] [20260725_063208] [INFO] 実行サマリー
[2026-07-25 06:32:47] [20260725_063247] [INFO] ======== 開始 stage=check ========
[2026-07-25 06:32:47] [20260725_063247] [WARN] sample_mode: true — 全生成物へ【サンプル・ダミーデータ】表示を付与します。
[2026-07-25 06:32:47] [20260725_063247] [INFO] 機械検出レポートを出力: audit/00_機械検出レポート.md
[2026-07-25 06:32:47] [20260725_063247] [INFO] 機械記入ブロックを更新: fact_stats, material_stats, risk_flags, audit_summary
[2026-07-25 06:32:47] [20260725_063247] [INFO] 実行サマリー
[2026-07-25 06:33:14] [20260725_063314] [INFO] ======== 開始 stage=check ========
[2026-07-25 06:33:14] [20260725_063314] [WARN] sample_mode: true — 全生成物へ【サンプル・ダミーデータ】表示を付与します。
[2026-07-25 06:33:14] [20260725_063314] [INFO] 機械検出レポートを出力: audit/00_機械検出レポート.md
[2026-07-25 06:33:14] [20260725_063314] [INFO] 機械記入ブロックを更新: fact_stats, material_stats, risk_flags, audit_summary
[2026-07-25 06:33:14] [20260725_063314] [INFO] 実行サマリー
[2026-07-25 06:33:36] [20260725_063336] [INFO] ======== 新規プロジェクト作成: _bom_test ========
[2026-07-25 06:33:36] [20260725_063336] [INFO] 作成しました: /home/user/-/imperial_pipeline/projects/_bom_test/input/project_input.yaml
[2026-07-25 06:33:36] [20260725_063336] [INFO] 入力ひな形を作成: input/past_videos.csv
[2026-07-25 06:33:36] [20260725_063336] [INFO] 入力ひな形を作成: input/approval.yaml
[2026-07-25 06:33:37] [20260725_063337] [INFO] ======== 開始 stage=draft ========
[2026-07-25 06:33:37] [20260725_063337] [WARN] 推奨項目が未入力です: main_person
[2026-07-25 06:33:37] [20260725_063337] [WARN] 推奨項目が未入力です: working_title
[2026-07-25 06:33:37] [20260725_063337] [WARN] 推奨項目が未入力です: publication_target_date
[2026-07-25 06:33:37] [20260725_063337] [WARN] 推奨項目が未入力です: editor_name
[2026-07-25 06:33:37] [20260725_063337] [INFO] 出力: research/01_入力整理.md
[2026-07-25 06:33:37] [20260725_063337] [INFO] 出力: research/02_既存動画重複確認.md
[2026-07-25 06:33:37] [20260725_063337] [INFO] 出力: research/03_調査結果.md
[2026-07-25 06:33:37] [20260725_063337] [INFO] 出力: research/04_出典一覧.csv
[2026-07-25 06:33:37] [20260725_063337] [INFO] 出力: research/05_事実台帳.csv
[2026-07-25 06:33:37] [20260725_063337] [INFO] 出力: research/06_素材権利台帳.csv
[2026-07-25 06:33:37] [20260725_063337] [INFO] 出力: planning/07_企画評価.md
[2026-07-25 06:33:37] [20260725_063337] [INFO] 出力: planning/08_タイトル・サムネイル案.md
[2026-07-25 06:33:37] [20260725_063337] [INFO] 出力: planning/09_長尺構成.md
[2026-07-25 06:33:37] [20260725_063337] [INFO] 出力: scripts/10A_長尺台本_監査用.md
[2026-07-25 06:33:37] [20260725_063337] [INFO] 出力: scripts/10B_長尺台本_編集者用.md
[2026-07-25 06:33:37] [20260725_063337] [INFO] 出力: scripts/11_Shorts台本.md
[2026-07-25 06:33:37] [20260725_063337] [INFO] 出力: production/12_長尺素材設計.csv
[2026-07-25 06:33:37] [20260725_063337] [INFO] 出力: production/13_Shorts素材設計.csv
[2026-07-25 06:33:37] [20260725_063337] [INFO] 出力: production/14_図解・テロップ指示.md
[2026-07-25 06:33:37] [20260725_063337] [INFO] 出力: production/15_サムネイル制作指示.md
[2026-07-25 06:33:37] [20260725_063337] [INFO] 出力: production/16_投稿設定.md
[2026-07-25 06:33:37] [20260725_063337] [INFO] 出力: production/17_編集者向け制作指示書.md
[2026-07-25 06:33:37] [20260725_063337] [INFO] 出力: audit/18_最終監査結果.md
[2026-07-25 06:33:37] [20260725_063337] [INFO] 出力: audit/19_荒木承認用サマリー.md
[2026-07-25 06:33:37] [20260725_063337] [INFO] テンプレート出力: 新規 20件 / 再生成 0件 / 既存維持 0件
[2026-07-25 06:33:37] [20260725_063337] [INFO] 機械検出レポートを出力: audit/00_機械検出レポート.md
[2026-07-25 06:33:37] [20260725_063337] [INFO] 機械記入ブロックを更新: fact_stats, material_stats, risk_flags, audit_summary
[2026-07-25 06:33:37] [20260725_063337] [INFO] 実行サマリー
[2026-07-25 06:33:54] [20260725_063354] [INFO] ======== 開始 stage=final ========
[2026-07-25 06:33:54] [20260725_063354] [WARN] sample_mode: true — 全生成物へ【サンプル・ダミーデータ】表示を付与します。
[2026-07-25 06:33:54] [20260725_063354] [INFO] 承認を確認しました: title=【サンプル】静かに受け継がれてきたもの ― 動作確認用タイトル
[2026-07-25 06:33:54] [20260725_063354] [INFO] 機械検出レポートを出力: audit/00_機械検出レポート.md
[2026-07-25 06:33:54] [20260725_063354] [INFO] 機械記入ブロックを更新: fact_stats, material_stats, risk_flags, audit_summary
[2026-07-25 06:33:54] [20260725_063354] [INFO] ======== 最終パッケージの生成 ========
[2026-07-25 06:33:54] [20260725_063354] [INFO] 退避: FINAL_EDITOR_PACKAGE/04_長尺素材設計_最終版.csv -> _history/20260725_0633/FINAL_EDITOR_PACKAGE/04_長尺素材設計_最終版.csv
[2026-07-25 06:33:54] [20260725_063354] [INFO] 退避: FINAL_EDITOR_PACKAGE/06_素材権利台帳_最終版.csv -> _history/20260725_0633/FINAL_EDITOR_PACKAGE/06_素材権利台帳_最終版.csv
[2026-07-25 06:33:54] [20260725_063354] [INFO] 退避: FINAL_EDITOR_PACKAGE/01_編集者向け制作指示書_最終版.md -> _history/20260725_0633/FINAL_EDITOR_PACKAGE/01_編集者向け制作指示書_最終版.md
[2026-07-25 06:33:54] [20260725_063354] [INFO] 退避: FINAL_EDITOR_PACKAGE/07_サムネイル制作指示_最終版.md -> _history/20260725_0633/FINAL_EDITOR_PACKAGE/07_サムネイル制作指示_最終版.md
[2026-07-25 06:33:54] [20260725_063354] [INFO] 退避: FINAL_EDITOR_PACKAGE/05_Shorts素材設計_最終版.csv -> _history/20260725_0633/FINAL_EDITOR_PACKAGE/05_Shorts素材設計_最終版.csv
[2026-07-25 06:33:54] [20260725_063354] [INFO] 退避: FINAL_EDITOR_PACKAGE/10_納品前チェックリスト.md -> _history/20260725_0633/FINAL_EDITOR_PACKAGE/10_納品前チェックリスト.md
[2026-07-25 06:33:54] [20260725_063354] [INFO] 退避: FINAL_EDITOR_PACKAGE/02_長尺台本_最終版.md -> _history/20260725_0633/FINAL_EDITOR_PACKAGE/02_長尺台本_最終版.md
[2026-07-25 06:33:54] [20260725_063354] [INFO] 退避: FINAL_EDITOR_PACKAGE/08_投稿設定_最終版.md -> _history/20260725_0633/FINAL_EDITOR_PACKAGE/08_投稿設定_最終版.md
[2026-07-25 06:33:54] [20260725_063354] [INFO] 退避: FINAL_EDITOR_PACKAGE/03_Shorts台本_最終版.md -> _history/20260725_0633/FINAL_EDITOR_PACKAGE/03_Shorts台本_最終版.md
[2026-07-25 06:33:54] [20260725_063354] [INFO] 退避: FINAL_EDITOR_PACKAGE/09_出典一覧_最終版.csv -> _history/20260725_0633/FINAL_EDITOR_PACKAGE/09_出典一覧_最終版.csv
[2026-07-25 06:33:54] [20260725_063354] [INFO] 最終版を出力: FINAL_EDITOR_PACKAGE/01_編集者向け制作指示書_最終版.md
[2026-07-25 06:33:54] [20260725_063354] [INFO] 最終版を出力: FINAL_EDITOR_PACKAGE/02_長尺台本_最終版.md
[2026-07-25 06:33:54] [20260725_063354] [INFO] 最終版を出力: FINAL_EDITOR_PACKAGE/03_Shorts台本_最終版.md
[2026-07-25 06:33:54] [20260725_063354] [INFO] 最終版を出力: FINAL_EDITOR_PACKAGE/04_長尺素材設計_最終版.csv
[2026-07-25 06:33:54] [20260725_063354] [INFO] 最終版を出力: FINAL_EDITOR_PACKAGE/05_Shorts素材設計_最終版.csv
[2026-07-25 06:33:54] [20260725_063354] [INFO] 最終版を出力: FINAL_EDITOR_PACKAGE/06_素材権利台帳_最終版.csv
[2026-07-25 06:33:54] [20260725_063354] [INFO] 最終版を出力: FINAL_EDITOR_PACKAGE/07_サムネイル制作指示_最終版.md
[2026-07-25 06:33:54] [20260725_063354] [INFO] 最終版を出力: FINAL_EDITOR_PACKAGE/08_投稿設定_最終版.md
[2026-07-25 06:33:54] [20260725_063354] [INFO] 最終版を出力: FINAL_EDITOR_PACKAGE/09_出典一覧_最終版.csv
[2026-07-25 06:33:54] [20260725_063354] [INFO] 最終版を出力: FINAL_EDITOR_PACKAGE/10_納品前チェックリスト.md
[2026-07-25 06:33:54] [20260725_063354] [WARN] 最終監査結果が「未判定」のまま。final-auditor による監査を実施すること。
[2026-07-25 06:33:54] [20260725_063354] [WARN] 【サンプル】架空URLの疑いがある記述：research/04_出典一覧.csv: https://example.com/sample-official、research/04_出典一覧.csv: https://example.com/sample-official2、research/06_素材権利台帳.csv: https://example.com/sample-venue、research/06_素材権利台帳.csv: https://example.com/sample-venue.jpg、research/06_素材権利台帳.csv: https://example.com/sample-news-photo、production/12_長尺素材設計.csv: https://example.com/sample-venue、production/12_長尺素材設計.csv: https://example.com/sample-news-photo（sample_mode のため警告に留める）
[2026-07-25 06:33:54] [20260725_063354] [WARN] 素材権利台帳（最終版）：M002：承認により使用禁止
[2026-07-25 06:33:54] [20260725_063354] [INFO] 最終パッケージ生成完了: 10件
[2026-07-25 06:33:54] [20260725_063354] [INFO] 実行サマリー
