[2026-07-26 23:11:52] [20260726_231152] [INFO] ======== 開始 stage=check ========
[2026-07-26 23:11:52] [20260726_231152] [WARN] sample_mode: true — 全生成物へ【サンプル・ダミーデータ】表示を付与します。
[2026-07-26 23:11:52] [20260726_231152] [INFO] 機械検出レポートを出力: audit/00_機械検出レポート.md
[2026-07-26 23:11:52] [20260726_231152] [INFO] 機械記入ブロックを更新: fact_stats, material_stats, risk_flags, audit_summary
[2026-07-26 23:11:52] [20260726_231152] [INFO] 実行サマリー
[2026-07-26 23:12:49] [20260726_231249] [INFO] ======== 開始 stage=check ========
[2026-07-26 23:12:49] [20260726_231249] [WARN] sample_mode: true — 全生成物へ【サンプル・ダミーデータ】表示を付与します。
[2026-07-26 23:12:49] [20260726_231249] [INFO] 機械検出レポートを出力: audit/00_機械検出レポート.md
[2026-07-26 23:12:49] [20260726_231249] [INFO] 機械記入ブロックを更新: fact_stats, material_stats, risk_flags, audit_summary
[2026-07-26 23:12:49] [20260726_231249] [INFO] 実行サマリー
[2026-07-26 23:12:59] [20260726_231259] [INFO] ======== 開始 stage=final ========
[2026-07-26 23:12:59] [20260726_231259] [WARN] sample_mode: true — 全生成物へ【サンプル・ダミーデータ】表示を付与します。
[2026-07-26 23:12:59] [20260726_231259] [INFO] 承認を確認しました: title=【サンプル】静かに受け継がれてきたもの ― 動作確認用タイトル
[2026-07-26 23:12:59] [20260726_231259] [INFO] 機械検出レポートを出力: audit/00_機械検出レポート.md
[2026-07-26 23:12:59] [20260726_231259] [INFO] 機械記入ブロックを更新: fact_stats, material_stats, risk_flags, audit_summary
[2026-07-26 23:12:59] [20260726_231259] [INFO] ======== 最終パッケージの生成 ========
[2026-07-26 23:12:59] [20260726_231259] [INFO] 退避: FINAL_EDITOR_PACKAGE/04_長尺素材設計_最終版.csv -> _history/20260726_2312/FINAL_EDITOR_PACKAGE/04_長尺素材設計_最終版.csv
[2026-07-26 23:12:59] [20260726_231259] [INFO] 退避: FINAL_EDITOR_PACKAGE/06_素材権利台帳_最終版.csv -> _history/20260726_2312/FINAL_EDITOR_PACKAGE/06_素材権利台帳_最終版.csv
[2026-07-26 23:12:59] [20260726_231259] [INFO] 退避: FINAL_EDITOR_PACKAGE/01_編集者向け制作指示書_最終版.md -> _history/20260726_2312/FINAL_EDITOR_PACKAGE/01_編集者向け制作指示書_最終版.md
[2026-07-26 23:12:59] [20260726_231259] [INFO] 退避: FINAL_EDITOR_PACKAGE/07_サムネイル制作指示_最終版.md -> _history/20260726_2312/FINAL_EDITOR_PACKAGE/07_サムネイル制作指示_最終版.md
[2026-07-26 23:12:59] [20260726_231259] [INFO] 退避: FINAL_EDITOR_PACKAGE/05_Shorts素材設計_最終版.csv -> _history/20260726_2312/FINAL_EDITOR_PACKAGE/05_Shorts素材設計_最終版.csv
[2026-07-26 23:12:59] [20260726_231259] [INFO] 退避: FINAL_EDITOR_PACKAGE/10_納品前チェックリスト.md -> _history/20260726_2312/FINAL_EDITOR_PACKAGE/10_納品前チェックリスト.md
[2026-07-26 23:12:59] [20260726_231259] [INFO] 退避: FINAL_EDITOR_PACKAGE/02_長尺台本_最終版.md -> _history/20260726_2312/FINAL_EDITOR_PACKAGE/02_長尺台本_最終版.md
[2026-07-26 23:12:59] [20260726_231259] [INFO] 退避: FINAL_EDITOR_PACKAGE/08_投稿設定_最終版.md -> _history/20260726_2312/FINAL_EDITOR_PACKAGE/08_投稿設定_最終版.md
[2026-07-26 23:12:59] [20260726_231259] [INFO] 退避: FINAL_EDITOR_PACKAGE/03_Shorts台本_最終版.md -> _history/20260726_2312/FINAL_EDITOR_PACKAGE/03_Shorts台本_最終版.md
[2026-07-26 23:12:59] [20260726_231259] [INFO] 退避: FINAL_EDITOR_PACKAGE/09_出典一覧_最終版.csv -> _history/20260726_2312/FINAL_EDITOR_PACKAGE/09_出典一覧_最終版.csv
[2026-07-26 23:12:59] [20260726_231259] [INFO] 最終版を出力: FINAL_EDITOR_PACKAGE/01_編集者向け制作指示書_最終版.md
[2026-07-26 23:12:59] [20260726_231259] [INFO] 最終版を出力: FINAL_EDITOR_PACKAGE/02_長尺台本_最終版.md
[2026-07-26 23:12:59] [20260726_231259] [INFO] 最終版を出力: FINAL_EDITOR_PACKAGE/03_Shorts台本_最終版.md
[2026-07-26 23:12:59] [20260726_231259] [INFO] 最終版を出力: FINAL_EDITOR_PACKAGE/04_長尺素材設計_最終版.csv
[2026-07-26 23:12:59] [20260726_231259] [INFO] 最終版を出力: FINAL_EDITOR_PACKAGE/05_Shorts素材設計_最終版.csv
[2026-07-26 23:12:59] [20260726_231259] [INFO] 最終版を出力: FINAL_EDITOR_PACKAGE/06_素材権利台帳_最終版.csv
[2026-07-26 23:12:59] [20260726_231259] [INFO] 最終版を出力: FINAL_EDITOR_PACKAGE/07_サムネイル制作指示_最終版.md
[2026-07-26 23:12:59] [20260726_231259] [INFO] 最終版を出力: FINAL_EDITOR_PACKAGE/08_投稿設定_最終版.md
[2026-07-26 23:12:59] [20260726_231259] [INFO] 最終版を出力: FINAL_EDITOR_PACKAGE/09_出典一覧_最終版.csv
[2026-07-26 23:12:59] [20260726_231259] [INFO] 最終版を出力: FINAL_EDITOR_PACKAGE/10_納品前チェックリスト.md
[2026-07-26 23:12:59] [20260726_231259] [WARN] 【サンプル】架空URLの疑いがある記述：research/04_出典一覧.csv: https://example.com/sample-official、research/04_出典一覧.csv: https://example.com/sample-official2、research/06_素材権利台帳.csv: https://example.com/sample-venue、research/06_素材権利台帳.csv: https://example.com/sample-venue.jpg、research/06_素材権利台帳.csv: https://example.com/sample-news-photo、production/12_長尺素材設計.csv: https://example.com/sample-venue、production/12_長尺素材設計.csv: https://example.com/sample-news-photo（sample_mode のため警告に留める）
[2026-07-26 23:12:59] [20260726_231259] [WARN] 素材権利台帳（最終版）：M002：承認により使用禁止
[2026-07-26 23:12:59] [20260726_231259] [INFO] 最終パッケージ生成完了: 10件
[2026-07-26 23:12:59] [20260726_231259] [INFO] 実行サマリー
[2026-07-26 23:13:59] [20260726_231359] [INFO] ======== 開始 stage=final ========
[2026-07-26 23:13:59] [20260726_231359] [WARN] sample_mode: true — 全生成物へ【サンプル・ダミーデータ】表示を付与します。
[2026-07-26 23:13:59] [20260726_231359] [INFO] 承認を確認しました: title=【サンプル】静かに受け継がれてきたもの ― 動作確認用タイトル
[2026-07-26 23:14:00] [20260726_231359] [INFO] 機械検出レポートを出力: audit/00_機械検出レポート.md
[2026-07-26 23:14:00] [20260726_231359] [INFO] 機械記入ブロックを更新: fact_stats, material_stats, risk_flags, audit_summary
[2026-07-26 23:14:00] [20260726_231359] [INFO] ======== 最終パッケージの生成 ========
[2026-07-26 23:14:00] [20260726_231359] [INFO] 退避: FINAL_EDITOR_PACKAGE/04_長尺素材設計_最終版.csv -> _history/20260726_2313/FINAL_EDITOR_PACKAGE/04_長尺素材設計_最終版.csv
[2026-07-26 23:14:00] [20260726_231359] [INFO] 退避: FINAL_EDITOR_PACKAGE/06_素材権利台帳_最終版.csv -> _history/20260726_2313/FINAL_EDITOR_PACKAGE/06_素材権利台帳_最終版.csv
[2026-07-26 23:14:00] [20260726_231359] [INFO] 退避: FINAL_EDITOR_PACKAGE/01_編集者向け制作指示書_最終版.md -> _history/20260726_2313/FINAL_EDITOR_PACKAGE/01_編集者向け制作指示書_最終版.md
[2026-07-26 23:14:00] [20260726_231359] [INFO] 退避: FINAL_EDITOR_PACKAGE/07_サムネイル制作指示_最終版.md -> _history/20260726_2313/FINAL_EDITOR_PACKAGE/07_サムネイル制作指示_最終版.md
[2026-07-26 23:14:00] [20260726_231359] [INFO] 退避: FINAL_EDITOR_PACKAGE/05_Shorts素材設計_最終版.csv -> _history/20260726_2313/FINAL_EDITOR_PACKAGE/05_Shorts素材設計_最終版.csv
[2026-07-26 23:14:00] [20260726_231359] [INFO] 退避: FINAL_EDITOR_PACKAGE/10_納品前チェックリスト.md -> _history/20260726_2313/FINAL_EDITOR_PACKAGE/10_納品前チェックリスト.md
[2026-07-26 23:14:00] [20260726_231359] [INFO] 退避: FINAL_EDITOR_PACKAGE/02_長尺台本_最終版.md -> _history/20260726_2313/FINAL_EDITOR_PACKAGE/02_長尺台本_最終版.md
[2026-07-26 23:14:00] [20260726_231359] [INFO] 退避: FINAL_EDITOR_PACKAGE/08_投稿設定_最終版.md -> _history/20260726_2313/FINAL_EDITOR_PACKAGE/08_投稿設定_最終版.md
[2026-07-26 23:14:00] [20260726_231359] [INFO] 退避: FINAL_EDITOR_PACKAGE/03_Shorts台本_最終版.md -> _history/20260726_2313/FINAL_EDITOR_PACKAGE/03_Shorts台本_最終版.md
[2026-07-26 23:14:00] [20260726_231359] [INFO] 退避: FINAL_EDITOR_PACKAGE/09_出典一覧_最終版.csv -> _history/20260726_2313/FINAL_EDITOR_PACKAGE/09_出典一覧_最終版.csv
[2026-07-26 23:14:00] [20260726_231359] [INFO] 最終版を出力: FINAL_EDITOR_PACKAGE/01_編集者向け制作指示書_最終版.md
[2026-07-26 23:14:00] [20260726_231359] [INFO] 最終版を出力: FINAL_EDITOR_PACKAGE/02_長尺台本_最終版.md
[2026-07-26 23:14:00] [20260726_231359] [INFO] 最終版を出力: FINAL_EDITOR_PACKAGE/03_Shorts台本_最終版.md
[2026-07-26 23:14:00] [20260726_231359] [INFO] 最終版を出力: FINAL_EDITOR_PACKAGE/04_長尺素材設計_最終版.csv
[2026-07-26 23:14:00] [20260726_231359] [INFO] 最終版を出力: FINAL_EDITOR_PACKAGE/05_Shorts素材設計_最終版.csv
[2026-07-26 23:14:00] [20260726_231359] [INFO] 最終版を出力: FINAL_EDITOR_PACKAGE/06_素材権利台帳_最終版.csv
[2026-07-26 23:14:00] [20260726_231359] [INFO] 最終版を出力: FINAL_EDITOR_PACKAGE/07_サムネイル制作指示_最終版.md
[2026-07-26 23:14:00] [20260726_231359] [INFO] 最終版を出力: FINAL_EDITOR_PACKAGE/08_投稿設定_最終版.md
[2026-07-26 23:14:00] [20260726_231359] [INFO] 最終版を出力: FINAL_EDITOR_PACKAGE/09_出典一覧_最終版.csv
[2026-07-26 23:14:00] [20260726_231359] [INFO] 最終版を出力: FINAL_EDITOR_PACKAGE/10_納品前チェックリスト.md
[2026-07-26 23:14:00] [20260726_231359] [WARN] 【サンプル】架空URLの疑いがある記述：research/04_出典一覧.csv: https://example.com/sample-official、research/04_出典一覧.csv: https://example.com/sample-official2、research/06_素材権利台帳.csv: https://example.com/sample-venue、research/06_素材権利台帳.csv: https://example.com/sample-venue.jpg、research/06_素材権利台帳.csv: https://example.com/sample-news-photo、production/12_長尺素材設計.csv: https://example.com/sample-venue、production/12_長尺素材設計.csv: https://example.com/sample-news-photo（sample_mode のため警告に留める）
[2026-07-26 23:14:00] [20260726_231359] [WARN] 素材権利台帳（最終版）：M002：承認により使用禁止
[2026-07-26 23:14:00] [20260726_231359] [INFO] 最終パッケージ生成完了: 10件
[2026-07-26 23:14:00] [20260726_231359] [INFO] 実行サマリー
[2026-07-26 23:14:32] [20260726_231432] [INFO] ======== 開始 stage=final ========
[2026-07-26 23:14:32] [20260726_231432] [WARN] sample_mode: true — 全生成物へ【サンプル・ダミーデータ】表示を付与します。
[2026-07-26 23:14:32] [20260726_231432] [INFO] 承認を確認しました: title=【サンプル】静かに受け継がれてきたもの ― 動作確認用タイトル
[2026-07-26 23:14:32] [20260726_231432] [INFO] 機械検出レポートを出力: audit/00_機械検出レポート.md
[2026-07-26 23:14:32] [20260726_231432] [INFO] 機械記入ブロックを更新: fact_stats, material_stats, risk_flags, audit_summary
[2026-07-26 23:14:32] [20260726_231432] [INFO] ======== 最終パッケージの生成 ========
[2026-07-26 23:14:32] [20260726_231432] [INFO] 退避: FINAL_EDITOR_PACKAGE/04_長尺素材設計_最終版.csv -> _history/20260726_2314/FINAL_EDITOR_PACKAGE/04_長尺素材設計_最終版.csv
[2026-07-26 23:14:32] [20260726_231432] [INFO] 退避: FINAL_EDITOR_PACKAGE/06_素材権利台帳_最終版.csv -> _history/20260726_2314/FINAL_EDITOR_PACKAGE/06_素材権利台帳_最終版.csv
[2026-07-26 23:14:32] [20260726_231432] [INFO] 退避: FINAL_EDITOR_PACKAGE/01_編集者向け制作指示書_最終版.md -> _history/20260726_2314/FINAL_EDITOR_PACKAGE/01_編集者向け制作指示書_最終版.md
[2026-07-26 23:14:32] [20260726_231432] [INFO] 退避: FINAL_EDITOR_PACKAGE/07_サムネイル制作指示_最終版.md -> _history/20260726_2314/FINAL_EDITOR_PACKAGE/07_サムネイル制作指示_最終版.md
[2026-07-26 23:14:32] [20260726_231432] [INFO] 退避: FINAL_EDITOR_PACKAGE/05_Shorts素材設計_最終版.csv -> _history/20260726_2314/FINAL_EDITOR_PACKAGE/05_Shorts素材設計_最終版.csv
[2026-07-26 23:14:32] [20260726_231432] [INFO] 退避: FINAL_EDITOR_PACKAGE/10_納品前チェックリスト.md -> _history/20260726_2314/FINAL_EDITOR_PACKAGE/10_納品前チェックリスト.md
[2026-07-26 23:14:32] [20260726_231432] [INFO] 退避: FINAL_EDITOR_PACKAGE/02_長尺台本_最終版.md -> _history/20260726_2314/FINAL_EDITOR_PACKAGE/02_長尺台本_最終版.md
[2026-07-26 23:14:32] [20260726_231432] [INFO] 退避: FINAL_EDITOR_PACKAGE/08_投稿設定_最終版.md -> _history/20260726_2314/FINAL_EDITOR_PACKAGE/08_投稿設定_最終版.md
[2026-07-26 23:14:32] [20260726_231432] [INFO] 退避: FINAL_EDITOR_PACKAGE/03_Shorts台本_最終版.md -> _history/20260726_2314/FINAL_EDITOR_PACKAGE/03_Shorts台本_最終版.md
[2026-07-26 23:14:32] [20260726_231432] [INFO] 退避: FINAL_EDITOR_PACKAGE/09_出典一覧_最終版.csv -> _history/20260726_2314/FINAL_EDITOR_PACKAGE/09_出典一覧_最終版.csv
[2026-07-26 23:14:32] [20260726_231432] [INFO] 最終版を出力: FINAL_EDITOR_PACKAGE/01_編集者向け制作指示書_最終版.md
[2026-07-26 23:14:32] [20260726_231432] [INFO] 最終版を出力: FINAL_EDITOR_PACKAGE/02_長尺台本_最終版.md
[2026-07-26 23:14:32] [20260726_231432] [INFO] 最終版を出力: FINAL_EDITOR_PACKAGE/03_Shorts台本_最終版.md
[2026-07-26 23:14:32] [20260726_231432] [INFO] 最終版を出力: FINAL_EDITOR_PACKAGE/04_長尺素材設計_最終版.csv
[2026-07-26 23:14:32] [20260726_231432] [INFO] 最終版を出力: FINAL_EDITOR_PACKAGE/05_Shorts素材設計_最終版.csv
[2026-07-26 23:14:32] [20260726_231432] [INFO] 最終版を出力: FINAL_EDITOR_PACKAGE/06_素材権利台帳_最終版.csv
[2026-07-26 23:14:32] [20260726_231432] [INFO] 最終版を出力: FINAL_EDITOR_PACKAGE/07_サムネイル制作指示_最終版.md
[2026-07-26 23:14:32] [20260726_231432] [INFO] 最終版を出力: FINAL_EDITOR_PACKAGE/08_投稿設定_最終版.md
[2026-07-26 23:14:32] [20260726_231432] [INFO] 最終版を出力: FINAL_EDITOR_PACKAGE/09_出典一覧_最終版.csv
[2026-07-26 23:14:32] [20260726_231432] [INFO] 最終版を出力: FINAL_EDITOR_PACKAGE/10_納品前チェックリスト.md
[2026-07-26 23:14:32] [20260726_231432] [WARN] 【サンプル】架空URLの疑いがある記述：research/04_出典一覧.csv: https://example.com/sample-official、research/04_出典一覧.csv: https://example.com/sample-official2、research/06_素材権利台帳.csv: https://example.com/sample-venue、research/06_素材権利台帳.csv: https://example.com/sample-venue.jpg、research/06_素材権利台帳.csv: https://example.com/sample-news-photo、production/12_長尺素材設計.csv: https://example.com/sample-venue、production/12_長尺素材設計.csv: https://example.com/sample-news-photo（sample_mode のため警告に留める）
[2026-07-26 23:14:32] [20260726_231432] [WARN] 素材権利台帳（最終版）：M002：承認により使用禁止
[2026-07-26 23:14:32] [20260726_231432] [INFO] 最終パッケージ生成完了: 10件
[2026-07-26 23:14:32] [20260726_231432] [INFO] 実行サマリー
[2026-07-26 23:15:50] [20260726_231550] [INFO] ======== 開始 stage=check ========
[2026-07-26 23:15:50] [20260726_231550] [WARN] sample_mode: true — 全生成物へ【サンプル・ダミーデータ】表示を付与します。
[2026-07-26 23:15:50] [20260726_231550] [INFO] 機械検出レポートを出力: audit/00_機械検出レポート.md
[2026-07-26 23:15:50] [20260726_231550] [INFO] 機械記入ブロックを更新: fact_stats, material_stats, risk_flags, audit_summary
[2026-07-26 23:15:50] [20260726_231550] [INFO] 実行サマリー
[2026-07-26 23:16:03] [20260726_231603] [INFO] ======== 開始 stage=check ========
[2026-07-26 23:16:03] [20260726_231603] [WARN] sample_mode: true — 全生成物へ【サンプル・ダミーデータ】表示を付与します。
[2026-07-26 23:16:03] [20260726_231603] [INFO] 機械検出レポートを出力: audit/00_機械検出レポート.md
[2026-07-26 23:16:03] [20260726_231603] [INFO] 機械記入ブロックを更新: fact_stats, material_stats, risk_flags, audit_summary
[2026-07-26 23:16:03] [20260726_231603] [INFO] 実行サマリー
[2026-07-26 23:16:03] [20260726_231603] [INFO] ======== 開始 stage=check ========
[2026-07-26 23:16:03] [20260726_231603] [WARN] sample_mode: true — 全生成物へ【サンプル・ダミーデータ】表示を付与します。
[2026-07-26 23:16:03] [20260726_231603] [INFO] 機械検出レポートを出力: audit/00_機械検出レポート.md
[2026-07-26 23:16:03] [20260726_231603] [INFO] 機械記入ブロックを更新: fact_stats, material_stats, risk_flags, audit_summary
[2026-07-26 23:16:03] [20260726_231603] [INFO] 実行サマリー
[2026-07-26 23:16:20] [20260726_231620] [INFO] ======== 開始 stage=final ========
[2026-07-26 23:16:20] [20260726_231620] [WARN] sample_mode: true — 全生成物へ【サンプル・ダミーデータ】表示を付与します。
[2026-07-26 23:16:20] [20260726_231620] [INFO] 承認を確認しました: title=【サンプル】静かに受け継がれてきたもの ― 動作確認用タイトル
[2026-07-26 23:16:20] [20260726_231620] [INFO] 機械検出レポートを出力: audit/00_機械検出レポート.md
[2026-07-26 23:16:20] [20260726_231620] [INFO] 機械記入ブロックを更新: fact_stats, material_stats, risk_flags, audit_summary
[2026-07-26 23:16:20] [20260726_231620] [INFO] ======== 最終パッケージの生成 ========
[2026-07-26 23:16:20] [20260726_231620] [INFO] 退避: FINAL_EDITOR_PACKAGE/04_長尺素材設計_最終版.csv -> _history/20260726_2316/FINAL_EDITOR_PACKAGE/04_長尺素材設計_最終版.csv
[2026-07-26 23:16:20] [20260726_231620] [INFO] 退避: FINAL_EDITOR_PACKAGE/06_素材権利台帳_最終版.csv -> _history/20260726_2316/FINAL_EDITOR_PACKAGE/06_素材権利台帳_最終版.csv
[2026-07-26 23:16:20] [20260726_231620] [INFO] 退避: FINAL_EDITOR_PACKAGE/01_編集者向け制作指示書_最終版.md -> _history/20260726_2316/FINAL_EDITOR_PACKAGE/01_編集者向け制作指示書_最終版.md
[2026-07-26 23:16:20] [20260726_231620] [INFO] 退避: FINAL_EDITOR_PACKAGE/07_サムネイル制作指示_最終版.md -> _history/20260726_2316/FINAL_EDITOR_PACKAGE/07_サムネイル制作指示_最終版.md
[2026-07-26 23:16:20] [20260726_231620] [INFO] 退避: FINAL_EDITOR_PACKAGE/05_Shorts素材設計_最終版.csv -> _history/20260726_2316/FINAL_EDITOR_PACKAGE/05_Shorts素材設計_最終版.csv
[2026-07-26 23:16:20] [20260726_231620] [INFO] 退避: FINAL_EDITOR_PACKAGE/10_納品前チェックリスト.md -> _history/20260726_2316/FINAL_EDITOR_PACKAGE/10_納品前チェックリスト.md
[2026-07-26 23:16:20] [20260726_231620] [INFO] 退避: FINAL_EDITOR_PACKAGE/02_長尺台本_最終版.md -> _history/20260726_2316/FINAL_EDITOR_PACKAGE/02_長尺台本_最終版.md
[2026-07-26 23:16:20] [20260726_231620] [INFO] 退避: FINAL_EDITOR_PACKAGE/08_投稿設定_最終版.md -> _history/20260726_2316/FINAL_EDITOR_PACKAGE/08_投稿設定_最終版.md
[2026-07-26 23:16:20] [20260726_231620] [INFO] 退避: FINAL_EDITOR_PACKAGE/03_Shorts台本_最終版.md -> _history/20260726_2316/FINAL_EDITOR_PACKAGE/03_Shorts台本_最終版.md
[2026-07-26 23:16:20] [20260726_231620] [INFO] 退避: FINAL_EDITOR_PACKAGE/09_出典一覧_最終版.csv -> _history/20260726_2316/FINAL_EDITOR_PACKAGE/09_出典一覧_最終版.csv
[2026-07-26 23:16:20] [20260726_231620] [INFO] 最終版を出力: FINAL_EDITOR_PACKAGE/01_編集者向け制作指示書_最終版.md
[2026-07-26 23:16:20] [20260726_231620] [INFO] 最終版を出力: FINAL_EDITOR_PACKAGE/02_長尺台本_最終版.md
[2026-07-26 23:16:20] [20260726_231620] [INFO] 最終版を出力: FINAL_EDITOR_PACKAGE/03_Shorts台本_最終版.md
[2026-07-26 23:16:20] [20260726_231620] [INFO] 最終版を出力: FINAL_EDITOR_PACKAGE/04_長尺素材設計_最終版.csv
[2026-07-26 23:16:20] [20260726_231620] [INFO] 最終版を出力: FINAL_EDITOR_PACKAGE/05_Shorts素材設計_最終版.csv
[2026-07-26 23:16:20] [20260726_231620] [INFO] 最終版を出力: FINAL_EDITOR_PACKAGE/06_素材権利台帳_最終版.csv
[2026-07-26 23:16:20] [20260726_231620] [INFO] 最終版を出力: FINAL_EDITOR_PACKAGE/07_サムネイル制作指示_最終版.md
[2026-07-26 23:16:20] [20260726_231620] [INFO] 最終版を出力: FINAL_EDITOR_PACKAGE/08_投稿設定_最終版.md
[2026-07-26 23:16:20] [20260726_231620] [INFO] 最終版を出力: FINAL_EDITOR_PACKAGE/09_出典一覧_最終版.csv
[2026-07-26 23:16:20] [20260726_231620] [INFO] 最終版を出力: FINAL_EDITOR_PACKAGE/10_納品前チェックリスト.md
[2026-07-26 23:16:20] [20260726_231620] [WARN] 【サンプル】架空URLの疑いがある記述：research/04_出典一覧.csv: https://example.com/sample-official、research/04_出典一覧.csv: https://example.com/sample-official2、research/06_素材権利台帳.csv: https://example.com/sample-venue、research/06_素材権利台帳.csv: https://example.com/sample-venue.jpg、research/06_素材権利台帳.csv: https://example.com/sample-news-photo、production/12_長尺素材設計.csv: https://example.com/sample-venue、production/12_長尺素材設計.csv: https://example.com/sample-news-photo（sample_mode のため警告に留める）
[2026-07-26 23:16:20] [20260726_231620] [WARN] **公開前に必須**：BGMクレジット（config/settings.yaml の bgm_credit） … production/16_投稿設定.md に未入力のまま残っている
[2026-07-26 23:16:20] [20260726_231620] [WARN] **公開前に必須**：問い合わせ先（config/settings.yaml の contact） … production/16_投稿設定.md に未入力のまま残っている
[2026-07-26 23:16:20] [20260726_231620] [WARN] **公開前に必須**：BGMクレジット（config/settings.yaml の bgm_credit） … production/17_編集者向け制作指示書.md に未入力のまま残っている
[2026-07-26 23:16:20] [20260726_231620] [WARN] 素材権利台帳（最終版）：M002：承認により使用禁止
[2026-07-26 23:16:20] [20260726_231620] [INFO] 最終パッケージ生成完了: 10件
[2026-07-26 23:16:20] [20260726_231620] [INFO] 実行サマリー
[2026-07-26 23:16:52] [20260726_231652] [INFO] ======== 新規プロジェクト作成: regress_test ========
[2026-07-26 23:16:52] [20260726_231652] [INFO] 作成しました: /home/user/-/imperial_pipeline/projects/regress_test/input/project_input.yaml
[2026-07-26 23:16:52] [20260726_231652] [INFO] 入力ひな形を作成: input/past_videos.csv
[2026-07-26 23:16:52] [20260726_231652] [INFO] 入力ひな形を作成: input/approval.yaml
[2026-07-26 23:16:52] [20260726_231652] [INFO] ======== 開始 stage=draft ========
[2026-07-26 23:16:52] [20260726_231652] [WARN] 推奨項目が未入力です: main_person
[2026-07-26 23:16:52] [20260726_231652] [WARN] 推奨項目が未入力です: working_title
[2026-07-26 23:16:52] [20260726_231652] [WARN] 推奨項目が未入力です: publication_target_date
[2026-07-26 23:16:52] [20260726_231652] [WARN] 推奨項目が未入力です: editor_name
[2026-07-26 23:16:52] [20260726_231652] [INFO] 出力: research/01_入力整理.md
[2026-07-26 23:16:52] [20260726_231652] [INFO] 出力: research/02_既存動画重複確認.md
[2026-07-26 23:16:52] [20260726_231652] [INFO] 出力: research/03_調査結果.md
[2026-07-26 23:16:52] [20260726_231652] [INFO] 出力: research/04_出典一覧.csv
[2026-07-26 23:16:52] [20260726_231652] [INFO] 出力: research/05_事実台帳.csv
[2026-07-26 23:16:52] [20260726_231652] [INFO] 出力: research/06_素材権利台帳.csv
[2026-07-26 23:16:52] [20260726_231652] [INFO] 出力: planning/07_企画評価.md
[2026-07-26 23:16:52] [20260726_231652] [INFO] 出力: planning/08_タイトル・サムネイル案.md
[2026-07-26 23:16:52] [20260726_231652] [INFO] 出力: planning/09_長尺構成.md
[2026-07-26 23:16:52] [20260726_231652] [INFO] 出力: scripts/10A_長尺台本_監査用.md
[2026-07-26 23:16:52] [20260726_231652] [INFO] 出力: scripts/10B_長尺台本_編集者用.md
[2026-07-26 23:16:52] [20260726_231652] [INFO] 出力: scripts/11_Shorts台本.md
[2026-07-26 23:16:52] [20260726_231652] [INFO] 出力: production/12_長尺素材設計.csv
[2026-07-26 23:16:52] [20260726_231652] [INFO] 出力: production/13_Shorts素材設計.csv
[2026-07-26 23:16:52] [20260726_231652] [INFO] 出力: production/14_図解・テロップ指示.md
[2026-07-26 23:16:52] [20260726_231652] [INFO] 出力: production/15_サムネイル制作指示.md
[2026-07-26 23:16:52] [20260726_231652] [INFO] 出力: production/16_投稿設定.md
[2026-07-26 23:16:52] [20260726_231652] [INFO] 出力: production/17_編集者向け制作指示書.md
[2026-07-26 23:16:52] [20260726_231652] [INFO] 出力: audit/18_最終監査結果.md
[2026-07-26 23:16:52] [20260726_231652] [INFO] 出力: audit/19_荒木承認用サマリー.md
[2026-07-26 23:16:52] [20260726_231652] [INFO] テンプレート出力: 新規 20件 / 再生成 0件 / 既存維持 0件
[2026-07-26 23:16:52] [20260726_231652] [INFO] 機械検出レポートを出力: audit/00_機械検出レポート.md
[2026-07-26 23:16:52] [20260726_231652] [INFO] 機械記入ブロックを更新: fact_stats, material_stats, risk_flags, audit_summary
[2026-07-26 23:16:52] [20260726_231652] [INFO] 実行サマリー
[2026-07-26 23:16:52] [20260726_231652] [INFO] ======== 開始 stage=check ========
[2026-07-26 23:16:52] [20260726_231652] [WARN] 推奨項目が未入力です: main_person
[2026-07-26 23:16:52] [20260726_231652] [WARN] 推奨項目が未入力です: working_title
[2026-07-26 23:16:52] [20260726_231652] [WARN] 推奨項目が未入力です: publication_target_date
[2026-07-26 23:16:52] [20260726_231652] [WARN] 推奨項目が未入力です: editor_name
[2026-07-26 23:16:52] [20260726_231652] [INFO] 機械検出レポートを出力: audit/00_機械検出レポート.md
[2026-07-26 23:16:52] [20260726_231652] [INFO] 機械記入ブロックを更新: fact_stats, material_stats, risk_flags, audit_summary
[2026-07-26 23:16:52] [20260726_231652] [INFO] 実行サマリー
[2026-07-26 23:16:53] [20260726_231653] [INFO] ======== 開始 stage=final ========
[2026-07-26 23:16:53] [20260726_231653] [WARN] 推奨項目が未入力です: main_person
[2026-07-26 23:16:53] [20260726_231653] [WARN] 推奨項目が未入力です: working_title
[2026-07-26 23:16:53] [20260726_231653] [WARN] 推奨項目が未入力です: publication_target_date
[2026-07-26 23:16:53] [20260726_231653] [WARN] 推奨項目が未入力です: editor_name
[2026-07-26 23:16:53] [20260726_231653] [INFO] 承認を確認しました: title=回帰テストのタイトル
[2026-07-26 23:16:53] [20260726_231653] [INFO] 機械検出レポートを出力: audit/00_機械検出レポート.md
[2026-07-26 23:16:53] [20260726_231653] [INFO] 機械記入ブロックを更新: fact_stats, material_stats, risk_flags, audit_summary
[2026-07-26 23:16:53] [20260726_231653] [INFO] ======== 最終パッケージの生成 ========
[2026-07-26 23:16:53] [20260726_231653] [INFO] 最終版を出力: FINAL_EDITOR_PACKAGE/01_編集者向け制作指示書_最終版.md
[2026-07-26 23:16:53] [20260726_231653] [INFO] 最終版を出力: FINAL_EDITOR_PACKAGE/02_長尺台本_最終版.md
[2026-07-26 23:16:53] [20260726_231653] [INFO] 最終版を出力: FINAL_EDITOR_PACKAGE/03_Shorts台本_最終版.md
[2026-07-26 23:16:53] [20260726_231653] [INFO] 最終版を出力: FINAL_EDITOR_PACKAGE/04_長尺素材設計_最終版.csv
[2026-07-26 23:16:53] [20260726_231653] [INFO] 最終版を出力: FINAL_EDITOR_PACKAGE/05_Shorts素材設計_最終版.csv
[2026-07-26 23:16:53] [20260726_231653] [INFO] 最終版を出力: FINAL_EDITOR_PACKAGE/06_素材権利台帳_最終版.csv
[2026-07-26 23:16:53] [20260726_231653] [INFO] 最終版を出力: FINAL_EDITOR_PACKAGE/07_サムネイル制作指示_最終版.md
[2026-07-26 23:16:53] [20260726_231653] [INFO] 最終版を出力: FINAL_EDITOR_PACKAGE/08_投稿設定_最終版.md
[2026-07-26 23:16:53] [20260726_231653] [INFO] 最終版を出力: FINAL_EDITOR_PACKAGE/09_出典一覧_最終版.csv
[2026-07-26 23:16:53] [20260726_231653] [INFO] 最終版を出力: FINAL_EDITOR_PACKAGE/10_納品前チェックリスト.md
[2026-07-26 23:16:53] [20260726_231653] [WARN] 最終監査結果が「未判定」のまま。final-auditor による監査を実施すること。
[2026-07-26 23:16:53] [20260726_231653] [WARN] **公開前に必須**：BGMクレジット（config/settings.yaml の bgm_credit） … production/16_投稿設定.md に未入力のまま残っている
[2026-07-26 23:16:53] [20260726_231653] [WARN] **公開前に必須**：問い合わせ先（config/settings.yaml の contact） … production/16_投稿設定.md に未入力のまま残っている
[2026-07-26 23:16:53] [20260726_231653] [WARN] **公開前に必須**：BGMクレジット（config/settings.yaml の bgm_credit） … production/17_編集者向け制作指示書.md に未入力のまま残っている
[2026-07-26 23:16:53] [20260726_231653] [WARN] 長尺台本 10A と 10B の本文が一致していない：10A 70字 / 10B 49字／最初の差異は 20 文字目付近：10A「…##本編###導入（0:00〜0:30）（テーマと視聴理由をこの30秒で提示する…」
[2026-07-26 23:16:53] [20260726_231653] [WARN] 事実台帳が空である。編集者へ渡す前に内容を確認すること。
[2026-07-26 23:16:53] [20260726_231653] [WARN] 素材権利台帳が空である。素材設計が図解中心になっているか確認すること。
[2026-07-26 23:16:53] [20260726_231653] [INFO] 最終パッケージ生成完了: 10件
[2026-07-26 23:16:53] [20260726_231653] [INFO] 実行サマリー
[2026-07-26 23:16:53] [20260726_231653] [INFO] ======== 開始 stage=final ========
[2026-07-26 23:16:53] [20260726_231653] [WARN] 推奨項目が未入力です: main_person
[2026-07-26 23:16:53] [20260726_231653] [WARN] 推奨項目が未入力です: working_title
[2026-07-26 23:16:53] [20260726_231653] [WARN] 推奨項目が未入力です: publication_target_date
[2026-07-26 23:16:53] [20260726_231653] [WARN] 推奨項目が未入力です: editor_name
[2026-07-26 23:16:53] [20260726_231653] [ERROR] approval_status が approved ではありません（現在: pending）。最終版は生成しません。
[2026-07-26 23:16:53] [20260726_231653] [INFO] ======== 開始 stage=final ========
[2026-07-26 23:16:53] [20260726_231653] [WARN] 推奨項目が未入力です: main_person
[2026-07-26 23:16:53] [20260726_231653] [WARN] 推奨項目が未入力です: working_title
[2026-07-26 23:16:53] [20260726_231653] [WARN] 推奨項目が未入力です: publication_target_date
[2026-07-26 23:16:53] [20260726_231653] [WARN] 推奨項目が未入力です: editor_name
[2026-07-26 23:16:53] [20260726_231653] [INFO] 承認を確認しました: title=回帰テストのタイトル
[2026-07-26 23:16:53] [20260726_231653] [INFO] 機械検出レポートを出力: audit/00_機械検出レポート.md
[2026-07-26 23:16:53] [20260726_231653] [INFO] 機械記入ブロックを更新: fact_stats, material_stats, risk_flags, audit_summary
[2026-07-26 23:16:53] [20260726_231653] [INFO] ======== 最終パッケージの生成 ========
[2026-07-26 23:16:53] [20260726_231653] [BLOCK] 最終パッケージ生成をブロック: 皇族方のAI生成顔・顔加工素材の疑いがある素材が含まれている：M001：AI生成による人物画像（人物：テスト人物）
[2026-07-26 23:16:53] [20260726_231653] [INFO] 実行サマリー
[2026-07-26 23:16:53] [20260726_231653] [INFO] ======== 開始 stage=check ========
[2026-07-26 23:16:53] [20260726_231653] [WARN] PyYAML が見つからないため簡易パーサで動作しています（README参照）。
[2026-07-26 23:16:53] [20260726_231653] [WARN] sample_mode: true — 全生成物へ【サンプル・ダミーデータ】表示を付与します。
[2026-07-26 23:16:53] [20260726_231653] [INFO] 機械検出レポートを出力: audit/00_機械検出レポート.md
[2026-07-26 23:16:53] [20260726_231653] [INFO] 機械記入ブロックを更新: fact_stats, material_stats, risk_flags, audit_summary
[2026-07-26 23:16:53] [20260726_231653] [INFO] 実行サマリー
[2026-07-26 23:16:53] [20260726_231653] [INFO] ======== 開始 stage=final ========
[2026-07-26 23:16:53] [20260726_231653] [WARN] sample_mode: true — 全生成物へ【サンプル・ダミーデータ】表示を付与します。
[2026-07-26 23:16:53] [20260726_231653] [INFO] 承認を確認しました: title=【サンプル】静かに受け継がれてきたもの ― 動作確認用タイトル
[2026-07-26 23:16:53] [20260726_231653] [INFO] 機械検出レポートを出力: audit/00_機械検出レポート.md
[2026-07-26 23:16:53] [20260726_231653] [INFO] 機械記入ブロックを更新: fact_stats, material_stats, risk_flags, audit_summary
[2026-07-26 23:16:53] [20260726_231653] [INFO] ======== 最終パッケージの生成 ========
[2026-07-26 23:16:53] [20260726_231653] [INFO] 退避: FINAL_EDITOR_PACKAGE/04_長尺素材設計_最終版.csv -> _history/20260726_2316/FINAL_EDITOR_PACKAGE/04_長尺素材設計_最終版.csv
[2026-07-26 23:16:53] [20260726_231653] [INFO] 退避: FINAL_EDITOR_PACKAGE/06_素材権利台帳_最終版.csv -> _history/20260726_2316/FINAL_EDITOR_PACKAGE/06_素材権利台帳_最終版.csv
[2026-07-26 23:16:53] [20260726_231653] [INFO] 退避: FINAL_EDITOR_PACKAGE/01_編集者向け制作指示書_最終版.md -> _history/20260726_2316/FINAL_EDITOR_PACKAGE/01_編集者向け制作指示書_最終版.md
[2026-07-26 23:16:53] [20260726_231653] [INFO] 退避: FINAL_EDITOR_PACKAGE/07_サムネイル制作指示_最終版.md -> _history/20260726_2316/FINAL_EDITOR_PACKAGE/07_サムネイル制作指示_最終版.md
[2026-07-26 23:16:53] [20260726_231653] [INFO] 退避: FINAL_EDITOR_PACKAGE/05_Shorts素材設計_最終版.csv -> _history/20260726_2316/FINAL_EDITOR_PACKAGE/05_Shorts素材設計_最終版.csv
[2026-07-26 23:16:53] [20260726_231653] [INFO] 退避: FINAL_EDITOR_PACKAGE/10_納品前チェックリスト.md -> _history/20260726_2316/FINAL_EDITOR_PACKAGE/10_納品前チェックリスト.md
[2026-07-26 23:16:53] [20260726_231653] [INFO] 退避: FINAL_EDITOR_PACKAGE/02_長尺台本_最終版.md -> _history/20260726_2316/FINAL_EDITOR_PACKAGE/02_長尺台本_最終版.md
[2026-07-26 23:16:53] [20260726_231653] [INFO] 退避: FINAL_EDITOR_PACKAGE/08_投稿設定_最終版.md -> _history/20260726_2316/FINAL_EDITOR_PACKAGE/08_投稿設定_最終版.md
[2026-07-26 23:16:53] [20260726_231653] [INFO] 退避: FINAL_EDITOR_PACKAGE/03_Shorts台本_最終版.md -> _history/20260726_2316/FINAL_EDITOR_PACKAGE/03_Shorts台本_最終版.md
[2026-07-26 23:16:53] [20260726_231653] [INFO] 退避: FINAL_EDITOR_PACKAGE/09_出典一覧_最終版.csv -> _history/20260726_2316/FINAL_EDITOR_PACKAGE/09_出典一覧_最終版.csv
[2026-07-26 23:16:53] [20260726_231653] [INFO] 最終版を出力: FINAL_EDITOR_PACKAGE/01_編集者向け制作指示書_最終版.md
[2026-07-26 23:16:53] [20260726_231653] [INFO] 最終版を出力: FINAL_EDITOR_PACKAGE/02_長尺台本_最終版.md
[2026-07-26 23:16:53] [20260726_231653] [INFO] 最終版を出力: FINAL_EDITOR_PACKAGE/03_Shorts台本_最終版.md
[2026-07-26 23:16:53] [20260726_231653] [INFO] 最終版を出力: FINAL_EDITOR_PACKAGE/04_長尺素材設計_最終版.csv
[2026-07-26 23:16:53] [20260726_231653] [INFO] 最終版を出力: FINAL_EDITOR_PACKAGE/05_Shorts素材設計_最終版.csv
[2026-07-26 23:16:53] [20260726_231653] [INFO] 最終版を出力: FINAL_EDITOR_PACKAGE/06_素材権利台帳_最終版.csv
[2026-07-26 23:16:53] [20260726_231653] [INFO] 最終版を出力: FINAL_EDITOR_PACKAGE/07_サムネイル制作指示_最終版.md
[2026-07-26 23:16:53] [20260726_231653] [INFO] 最終版を出力: FINAL_EDITOR_PACKAGE/08_投稿設定_最終版.md
[2026-07-26 23:16:53] [20260726_231653] [INFO] 最終版を出力: FINAL_EDITOR_PACKAGE/09_出典一覧_最終版.csv
[2026-07-26 23:16:53] [20260726_231653] [INFO] 最終版を出力: FINAL_EDITOR_PACKAGE/10_納品前チェックリスト.md
[2026-07-26 23:16:53] [20260726_231653] [WARN] 【サンプル】架空URLの疑いがある記述：research/04_出典一覧.csv: https://example.com/sample-official、research/04_出典一覧.csv: https://example.com/sample-official2、research/06_素材権利台帳.csv: https://example.com/sample-venue、research/06_素材権利台帳.csv: https://example.com/sample-venue.jpg、research/06_素材権利台帳.csv: https://example.com/sample-news-photo、production/12_長尺素材設計.csv: https://example.com/sample-venue、production/12_長尺素材設計.csv: https://example.com/sample-news-photo（sample_mode のため警告に留める）
[2026-07-26 23:16:53] [20260726_231653] [WARN] **公開前に必須**：BGMクレジット（config/settings.yaml の bgm_credit） … production/16_投稿設定.md に未入力のまま残っている
[2026-07-26 23:16:53] [20260726_231653] [WARN] **公開前に必須**：問い合わせ先（config/settings.yaml の contact） … production/16_投稿設定.md に未入力のまま残っている
[2026-07-26 23:16:53] [20260726_231653] [WARN] **公開前に必須**：BGMクレジット（config/settings.yaml の bgm_credit） … production/17_編集者向け制作指示書.md に未入力のまま残っている
[2026-07-26 23:16:53] [20260726_231653] [WARN] 素材権利台帳（最終版）：M002：承認により使用禁止
[2026-07-26 23:16:53] [20260726_231653] [INFO] 最終パッケージ生成完了: 10件
[2026-07-26 23:16:53] [20260726_231653] [INFO] 実行サマリー
